// Jest Snapshot v1, https://goo.gl/fbAQLP

exports[`BlogItem should render usual item 1`] = `
ShallowWrapper {
  "length": 1,
  Symbol(enzyme.__root__): [Circular],
  Symbol(enzyme.__unrendered__): <BlogItem
    body=""
    dislike={0}
    id={1}
    image={
      Object {
        "alt": "",
        "src": "",
      }
    }
    like={1}
    likeFunc={[Function]}
    meta={Object {}}
    title="React!"
  />,
  Symbol(enzyme.__renderer__): Object {
    "batchedUpdates": [Function],
    "getNode": [Function],
    "render": [Function],
    "simulateEvent": [Function],
    "unmount": [Function],
  },
  Symbol(enzyme.__node__): Object {
    "instance": null,
    "key": undefined,
    "nodeType": "function",
    "props": Object {
      "children": <div
        className="ui raised link card"
      >
        <div
          className="content"
        >
          <Link
            id="post_id_1"
            onlyActiveOnIndex={false}
            style={Object {}}
            to="/post/1"
          >
            React!
          </Link>
          <TextBox
            body=""
            meta={Object {}}
          />
          <div
            className="description"
          >
            <Image
              alt=""
              height="168"
              src=""
              width="206"
            />
            <Like
              dislike={0}
              id={1}
              like={1}
              likeFunc={[Function]}
            />
          </div>
        </div>
      </div>,
    },
    "ref": null,
    "rendered": Object {
      "instance": null,
      "key": undefined,
      "nodeType": "host",
      "props": Object {
        "children": <div
          className="content"
        >
          <Link
            id="post_id_1"
            onlyActiveOnIndex={false}
            style={Object {}}
            to="/post/1"
          >
            React!
          </Link>
          <TextBox
            body=""
            meta={Object {}}
          />
          <div
            className="description"
          >
            <Image
              alt=""
              height="168"
              src=""
              width="206"
            />
            <Like
              dislike={0}
              id={1}
              like={1}
              likeFunc={[Function]}
            />
          </div>
        </div>,
        "className": "ui raised link card",
      },
      "ref": null,
      "rendered": Object {
        "instance": null,
        "key": undefined,
        "nodeType": "host",
        "props": Object {
          "children": Array [
            <Link
              id="post_id_1"
              onlyActiveOnIndex={false}
              style={Object {}}
              to="/post/1"
            >
              React!
            </Link>,
            <TextBox
              body=""
              meta={Object {}}
            />,
            <div
              className="description"
            >
              <Image
                alt=""
                height="168"
                src=""
                width="206"
              />
              <Like
                dislike={0}
                id={1}
                like={1}
                likeFunc={[Function]}
              />
            </div>,
          ],
          "className": "content",
        },
        "ref": null,
        "rendered": Array [
          Object {
            "instance": null,
            "key": undefined,
            "nodeType": "class",
            "props": Object {
              "children": "React!",
              "id": "post_id_1",
              "onlyActiveOnIndex": false,
              "style": Object {},
              "to": "/post/1",
            },
            "ref": null,
            "rendered": "React!",
            "type": [Function],
          },
          Object {
            "instance": null,
            "key": undefined,
            "nodeType": "function",
            "props": Object {
              "body": "",
              "meta": Object {},
            },
            "ref": null,
            "rendered": null,
            "type": [Function],
          },
          Object {
            "instance": null,
            "key": undefined,
            "nodeType": "host",
            "props": Object {
              "children": Array [
                <Image
                  alt=""
                  height="168"
                  src=""
                  width="206"
                />,
                <Like
                  dislike={0}
                  id={1}
                  like={1}
                  likeFunc={[Function]}
                />,
              ],
              "className": "description",
            },
            "ref": null,
            "rendered": Array [
              Object {
                "instance": null,
                "key": undefined,
                "nodeType": "function",
                "props": Object {
                  "alt": "",
                  "height": "168",
                  "src": "",
                  "width": "206",
                },
                "ref": null,
                "rendered": null,
                "type": [Function],
              },
              Object {
                "instance": null,
                "key": undefined,
                "nodeType": "function",
                "props": Object {
                  "dislike": 0,
                  "id": 1,
                  "like": 1,
                  "likeFunc": [Function],
                },
                "ref": null,
                "rendered": null,
                "type": [Function],
              },
            ],
            "type": "div",
          },
        ],
        "type": "div",
      },
      "type": "div",
    },
    "type": [Function],
  },
  Symbol(enzyme.__nodes__): Array [
    Object {
      "instance": null,
      "key": undefined,
      "nodeType": "function",
      "props": Object {
        "children": <div
          className="ui raised link card"
        >
          <div
            className="content"
          >
            <Link
              id="post_id_1"
              onlyActiveOnIndex={false}
              style={Object {}}
              to="/post/1"
            >
              React!
            </Link>
            <TextBox
              body=""
              meta={Object {}}
            />
            <div
              className="description"
            >
              <Image
                alt=""
                height="168"
                src=""
                width="206"
              />
              <Like
                dislike={0}
                id={1}
                like={1}
                likeFunc={[Function]}
              />
            </div>
          </div>
        </div>,
      },
      "ref": null,
      "rendered": Object {
        "instance": null,
        "key": undefined,
        "nodeType": "host",
        "props": Object {
          "children": <div
            className="content"
          >
            <Link
              id="post_id_1"
              onlyActiveOnIndex={false}
              style={Object {}}
              to="/post/1"
            >
              React!
            </Link>
            <TextBox
              body=""
              meta={Object {}}
            />
            <div
              className="description"
            >
              <Image
                alt=""
                height="168"
                src=""
                width="206"
              />
              <Like
                dislike={0}
                id={1}
                like={1}
                likeFunc={[Function]}
              />
            </div>
          </div>,
          "className": "ui raised link card",
        },
        "ref": null,
        "rendered": Object {
          "instance": null,
          "key": undefined,
          "nodeType": "host",
          "props": Object {
            "children": Array [
              <Link
                id="post_id_1"
                onlyActiveOnIndex={false}
                style={Object {}}
                to="/post/1"
              >
                React!
              </Link>,
              <TextBox
                body=""
                meta={Object {}}
              />,
              <div
                className="description"
              >
                <Image
                  alt=""
                  height="168"
                  src=""
                  width="206"
                />
                <Like
                  dislike={0}
                  id={1}
                  like={1}
                  likeFunc={[Function]}
                />
              </div>,
            ],
            "className": "content",
          },
          "ref": null,
          "rendered": Array [
            Object {
              "instance": null,
              "key": undefined,
              "nodeType": "class",
              "props": Object {
                "children": "React!",
                "id": "post_id_1",
                "onlyActiveOnIndex": false,
                "style": Object {},
                "to": "/post/1",
              },
              "ref": null,
              "rendered": "React!",
              "type": [Function],
            },
            Object {
              "instance": null,
              "key": undefined,
              "nodeType": "function",
              "props": Object {
                "body": "",
                "meta": Object {},
              },
              "ref": null,
              "rendered": null,
              "type": [Function],
            },
            Object {
              "instance": null,
              "key": undefined,
              "nodeType": "host",
              "props": Object {
                "children": Array [
                  <Image
                    alt=""
                    height="168"
                    src=""
                    width="206"
                  />,
                  <Like
                    dislike={0}
                    id={1}
                    like={1}
                    likeFunc={[Function]}
                  />,
                ],
                "className": "description",
              },
              "ref": null,
              "rendered": Array [
                Object {
                  "instance": null,
                  "key": undefined,
                  "nodeType": "function",
                  "props": Object {
                    "alt": "",
                    "height": "168",
                    "src": "",
                    "width": "206",
                  },
                  "ref": null,
                  "rendered": null,
                  "type": [Function],
                },
                Object {
                  "instance": null,
                  "key": undefined,
                  "nodeType": "function",
                  "props": Object {
                    "dislike": 0,
                    "id": 1,
                    "like": 1,
                    "likeFunc": [Function],
                  },
                  "ref": null,
                  "rendered": null,
                  "type": [Function],
                },
              ],
              "type": "div",
            },
          ],
          "type": "div",
        },
        "type": "div",
      },
      "type": [Function],
    },
  ],
  Symbol(enzyme.__options__): Object {
    "adapter": ReactSixteenAdapter {
      "options": Object {
        "enableComponentDidUpdateOnSetState": true,
      },
    },
  },
}
`;

exports[`BlogItem should render usual item 2`] = `
<div
  className="ui items"
>
  <div
    className="ui raised link card"
  >
    <div
      className="content"
    >
      <a
        id="post_id_1"
        onClick={[Function]}
        style={Object {}}
      >
        React!
      </a>
      <div>
        <div
          className="header"
        >
          
        </div>
        <div
          className="meta"
        >
          <span
            className="category"
          >
            <div
              className="ui mini list"
              role="list"
            >
              <div
                className="item"
                data-value={undefined}
                onClick={[Function]}
                role="listitem"
                style={
                  Object {
                    "display": "none",
                  }
                }
              >
                <i
                  aria-hidden="true"
                  className="users icon"
                />
                <div
                  className="content"
                />
              </div>
              <div
                className="item"
                data-value={undefined}
                onClick={[Function]}
                role="listitem"
                style={
                  Object {
                    "display": "none",
                  }
                }
              >
                <i
                  aria-hidden="true"
                  className="marker icon"
                />
                <div
                  className="content"
                />
              </div>
              <div
                className="item"
                data-value={undefined}
                onClick={[Function]}
                role="listitem"
                style={
                  Object {
                    "display": "none",
                  }
                }
              >
                <i
                  aria-hidden="true"
                  className="linkify icon"
                />
                <div
                  className="content"
                />
              </div>
            </div>
          </span>
        </div>
      </div>
      <div
        className="description"
      >
        <div>
          <img
            alt=""
            height="168"
            src=""
            width="206"
          />
        </div>
        <div>
          <div
            className="ui labeled button"
            id="like_button_1"
            onClick={[Function]}
          >
            <button
              className="ui green icon button"
              disabled={undefined}
              tabIndex={0}
            >
              <i
                aria-hidden="true"
                className="thumbs outline up icon"
              />
               
            </button>
            <div
              className="ui black left pointing basic label"
              onClick={[Function]}
            >
              1
            </div>
          </div>
          <div
            className="ui labeled button"
            onClick={[Function]}
          >
            <button
              className="ui red icon button"
              disabled={undefined}
              tabIndex={0}
            >
              <i
                aria-hidden="true"
                className="thumbs outline down icon"
              />
               
            </button>
            <div
              className="ui black left pointing basic label"
              onClick={[Function]}
            >
              0
            </div>
          </div>
        </div>
      </div>
    </div>
  </div>
</div>
`;
